stm32l4xx_ll_lpuart.h:1697:26:LL_LPUART_IsActiveFlag_ORE	16	static
stm32l4xx_ll_lpuart.h:1723:26:LL_LPUART_IsActiveFlag_RXNE_RXFNE	16	static
stm32l4xx_ll_lpuart.h:1962:22:LL_LPUART_ClearFlag_ORE	16	static
stm32l4xx_ll_lpuart.h:2434:26:LL_LPUART_IsEnabledIT_RXNE_RXFNE	16	static
stm32l4xx_ll_lpuart.h:2743:25:LL_LPUART_ReceiveData8	16	static
stm32l4xx_it.c:74:6:NMI_Handler	4	static
stm32l4xx_it.c:89:6:HardFault_Handler	4	static
stm32l4xx_it.c:104:6:MemManage_Handler	4	static
stm32l4xx_it.c:119:6:BusFault_Handler	4	static
stm32l4xx_it.c:134:6:UsageFault_Handler	4	static
stm32l4xx_it.c:149:6:SVC_Handler	4	static
stm32l4xx_it.c:162:6:DebugMon_Handler	4	static
stm32l4xx_it.c:175:6:PendSV_Handler	4	static
stm32l4xx_it.c:188:6:SysTick_Handler	8	static
stm32l4xx_it.c:209:6:DMA1_Channel1_IRQHandler	4	static
stm32l4xx_it.c:223:6:DMA1_Channel2_IRQHandler	8	static
stm32l4xx_it.c:237:6:I2C2_EV_IRQHandler	8	static
stm32l4xx_it.c:251:6:I2C2_ER_IRQHandler	8	static
stm32l4xx_it.c:266:6:LPUART1_IRQHandler	8	static
stm32l4xx_it.c:297:6:DCMI_IRQHandler	8	static
